// Jest Snapshot v1, https://goo.gl/fbAQLP

exports[`Pruebas del componente <RealExampleRef/> debe mostrarse correctamente 1`] = `
<Fragment>
  <h1>
    RealExampleRef
  </h1>
  <hr />
  <button
    className="btn btn-success mt-1"
    onClick={[Function]}
  >
    Mostrar/Ocultar
  </button>
</Fragment>
`;
